aiah · Change preview                                                                    fixture.tar
Not written · Create 1 · Update 0 · Unchanged 0 · Skipped 0
▾ Create (1)                                            │ Create (1)
    home/.claude/skills/review/SKILL.md                 │ →/Enter Expand · ← Collapse
                                                        │
                                                        │
                                                        │
                                                        │
                                                        │
                                                        │
                                                        │
                                                        │
                                                        │
↑↓/jk Navigate · a Confirm apply · d Recalculate · h Install check · m Home · ? Help · q Quit
