aiah · 变更预览                                                                          fixture.tar
安装包  fixture.tar
目标工具  claude
尚未写入 · 新建 1 · 更新 0 · 不变 0 · 跳过 0
▾ 新建 (1)                                              │ 新建 (1)
    home/.claude/skills/review/SKILL.md                 │ →/Enter 展开 · ← 收起
                                                        │
                                                        │
                                                        │
                                                        │
                                                        │
                                                        │
                                                        │
                                                        │
                                                        │
↑↓/jk 导航 · a 确认应用 · d 重算预览 · h 安装检查 · m 首页 · ? 帮助 · q 退出
