aiah · Change preview                                                                    fixture.tar

The changes above are about to be applied to target tools
Package  fixture.tar
Target tools  claude
Create 1 · Update 0 · Unchanged 0 · Skipped 0

This is the second confirmation. Type the full apply token and press Enter:
> apply

Esc Cancel; opening this page does not write.
