aiah · 本机 AI 资产                                                 可加入 3 · 排除 1 · 风险与问题 1
资产库  未选择 · 跨工具资产的可编辑事实源 · 下一步：按 w 选择或创建
/ 过滤路径、类型或风险与问题
▾ claude                                      │ home/.codex/skills/review
  ▾ rules                                     │ 类型        skill
      home/.claude/CLAUDE.md                  │ 来源工具    codex
▾ codex                                       │ 使用范围    global
  ▾ skill                                     │ 可迁移性    adapter-required
      home/.codex/skills/review               │ 敏感级别    private
▾ grok (1)                                    │ 状态        candidate
  ▾ config (1)                                │ 文件        1
    ⚠ home/.grok/config.toml                  │   home/.codex/skills/review/SKILL.md
▾ shared                                      │ 风险与问题  —
↑↓/jk 导航 · w 选择资产库 · / 搜索 · f 风险 · r 重扫 · m 首页 · ? 帮助 · q 退出
